20160914125458
$ git clone "git@github.com:TungPro/laravel53-demo.git" "/home/tungnt/deploy/laravel53-demo/staging/releases/20160914125758" --branch="develop" --depth="1"
git clone "git@github.com:TungPro/laravel53-demo.git" "/home/tungnt/deploy/laravel53-demo/staging/releases/20160914125758" --branch="develop" --depth="1"
Cloning into '/home/tungnt/deploy/laravel53-demo/staging/releases/20160914125758'...
Warning: Permanently added the RSA host key for IP address '192.30.253.112' to the list of known hosts.
$ cd /home/tungnt/deploy/laravel53-demo/staging/releases/20160914125758
$ git submodule update --init --recursive
cd /home/tungnt/deploy/laravel53-demo/staging/releases/20160914125758
git submodule update --init --recursive


/usr/local/bin/composer
$ cd /home/tungnt/deploy/laravel53-demo/staging/releases/20160914125758
$ /usr/local/bin/composer install --no-interaction --no-dev --prefer-dist
cd /home/tungnt/deploy/laravel53-demo/staging/releases/20160914125758
/usr/local/bin/composer install --no-interaction --no-dev --prefer-dist
Loading composer repositories with package information
Installing dependencies from lock file
  - Installing jakub-onderka/php-console-color (0.1)
    Loading from cache

  - Installing vlucas/phpdotenv (v2.4.0)
    Loading from cache

  - Installing symfony/polyfill-mbstring (v1.2.0)
    Loading from cache

  - Installing symfony/var-dumper (v3.1.4)
    Loading from cache

  - Installing symfony/translation (v3.1.4)
    Loading from cache

  - Installing symfony/routing (v3.1.4)
    Loading from cache

  - Installing symfony/process (v3.1.4)
    Loading from cache

  - Installing symfony/http-foundation (v3.1.4)
    Loading from cache

  - Installing symfony/event-dispatcher (v3.1.4)
    Loading from cache

  - Installing psr/log (1.0.0)
    Loading from cache

  - Installing symfony/debug (v3.1.4)
    Loading from cache

  - Installing symfony/http-kernel (v3.1.4)
    Loading from cache

  - Installing symfony/finder (v3.1.4)
    Loading from cache

  - Installing symfony/console (v3.1.4)
    Loading from cache

  - Installing swiftmailer/swiftmailer (v5.4.3)
    Loading from cache

  - Installing paragonie/random_compat (v2.0.2)
    Loading from cache

  - Installing ramsey/uuid (3.5.0)
    Loading from cache

  - Installing nikic/php-parser (v2.1.0)
    Loading from cache

  - Installing jakub-onderka/php-console-highlighter (v0.3.2)
    Loading from cache

  - Installing dnoegel/php-xdg-base-dir (0.1)
    Loading from cache

  - Installing psy/psysh (v0.7.2)
    Loading from cache

  - Installing nesbot/carbon (1.21.0)
    Loading from cache

  - Installing mtdowling/cron-expression (v1.1.0)
    Loading from cache

  - Installing monolog/monolog (1.21.0)
    Loading from cache

  - Installing league/flysystem (1.0.27)
    Loading from cache

  - Installing symfony/polyfill-util (v1.2.0)
    Loading from cache

  - Installing symfony/polyfill-php56 (v1.2.0)
    Loading from cache

  - Installing jeremeamia/superclosure (2.2.0)
    Loading from cache

  - Installing doctrine/inflector (v1.1.0)
    Loading from cache

  - Installing classpreloader/classpreloader (3.0.0)
    Loading from cache

  - Installing laravel/framework (v5.3.8)
    Loading from cache

Generating autoload files
> Illuminate\Foundation\ComposerScripts::postInstall
> php artisan optimize
Generating optimized class loader
Compiling common classes
/usr/local/bin/npm
$ cd /home/tungnt/deploy/laravel53-demo/staging/releases/20160914125758
$ /usr/local/bin/npm install
cd /home/tungnt/deploy/laravel53-demo/staging/releases/20160914125758
/usr/local/bin/npm install
npm WARN deprecated minimatch@2.0.10: Please update to minimatch 3.0.2 or higher to avoid a RegExp DoS issue
npm WARN deprecated minimatch@0.2.14: Please update to minimatch 3.0.2 or higher to avoid a RegExp DoS issue
npm WARN deprecated lodash@1.0.2: lodash@<3.0.0 is no longer maintained. Upgrade to lodash@^4.0.0.
npm WARN deprecated graceful-fs@1.2.3: graceful-fs v3.0.0 and before will fail on node releases >= v7.0. Please update to graceful-fs@^4.0.0 as soon as possible. Use 'npm ls graceful-fs' to find it in the tree.
npm WARN prefer global marked@0.3.6 should be installed with -g
npm WARN prefer global node-gyp@3.4.0 should be installed with -g

> node-sass@3.10.0 install /home/tungnt/deploy/laravel53-demo/staging/releases/20160914125758/node_modules/node-sass
> node scripts/install.js

Start downloading binary at https://github.com/sass/node-sass/releases/download/v3.10.0/linux-x64-48_binding.node
Binary downloaded and installed at /home/tungnt/deploy/laravel53-demo/staging/releases/20160914125758/node_modules/node-sass/vendor/linux-x64-48/binding.node

> node-sass@3.10.0 postinstall /home/tungnt/deploy/laravel53-demo/staging/releases/20160914125758/node_modules/node-sass
> node scripts/build.js

"/home/tungnt/deploy/laravel53-demo/staging/releases/20160914125758/node_modules/node-sass/vendor/linux-x64-48/binding.node" exists. 
 testing binary.
Binary is fine; exiting.
/home/tungnt/deploy/laravel53-demo/staging/releases/20160914125758
+-- bootstrap-sass@3.3.7 
+-- gulp@3.9.1 
| +-- archy@1.0.0 
| +-- chalk@1.1.3 
| | +-- ansi-styles@2.2.1 
| | +-- escape-string-regexp@1.0.5 
| | +-- has-ansi@2.0.0 
| | | `-- ansi-regex@2.0.0 
| | +-- strip-ansi@3.0.1 
| | `-- supports-color@2.0.0 
| +-- deprecated@0.0.1 
| +-- gulp-util@3.0.7 
| | +-- array-differ@1.0.0 
| | +-- array-uniq@1.0.3 
| | +-- beeper@1.1.0 
| | +-- dateformat@1.0.12 
| | | +-- get-stdin@4.0.1 
| | | `-- meow@3.7.0 
| | |   +-- camelcase-keys@2.1.0 
| | |   | `-- camelcase@2.1.1 
| | |   +-- loud-rejection@1.6.0 
| | |   | +-- currently-unhandled@0.4.1 
| | |   | | `-- array-find-index@1.0.1 
| | |   | `-- signal-exit@3.0.1 
| | |   +-- map-obj@1.0.1 
| | |   +-- normalize-package-data@2.3.5 
| | |   | +-- hosted-git-info@2.1.5 
| | |   | +-- is-builtin-module@1.0.0 
| | |   | | `-- builtin-modules@1.1.1 
| | |   | `-- validate-npm-package-license@3.0.1 
| | |   |   +-- spdx-correct@1.0.2 
| | |   |   | `-- spdx-license-ids@1.2.2 
| | |   |   `-- spdx-expression-parse@1.0.3 
| | |   +-- object-assign@4.1.0 
| | |   +-- redent@1.0.0 
| | |   | +-- indent-string@2.1.0 
| | |   | | `-- repeating@2.0.1 
| | |   | `-- strip-indent@1.0.1 
| | |   `-- trim-newlines@1.0.0 
| | +-- fancy-log@1.2.0 
| | | `-- time-stamp@1.0.1 
| | +-- gulplog@1.0.0 
| | | `-- glogg@1.0.0 
| | +-- has-gulplog@0.1.0 
| | | `-- sparkles@1.0.0 
| | +-- lodash._reescape@3.0.0 
| | +-- lodash._reevaluate@3.0.0 
| | +-- lodash._reinterpolate@3.0.0 
| | +-- lodash.template@3.6.2 
| | | +-- lodash._basecopy@3.0.1 
| | | +-- lodash._basetostring@3.0.1 
| | | +-- lodash._basevalues@3.0.0 
| | | +-- lodash._isiterateecall@3.0.9 
| | | +-- lodash.escape@3.2.0 
| | | | `-- lodash._root@3.0.1 
| | | +-- lodash.keys@3.1.2 
| | | | +-- lodash._getnative@3.9.1 
| | | | +-- lodash.isarguments@3.1.0 
| | | | `-- lodash.isarray@3.0.4 
| | | +-- lodash.restparam@3.6.1 
| | | `-- lodash.templatesettings@3.1.1 
| | +-- multipipe@0.1.2 
| | | `-- duplexer2@0.0.2 
| | +-- object-assign@3.0.0 
| | +-- replace-ext@0.0.1 
| | +-- through2@2.0.1 
| | | +-- readable-stream@2.0.6 
| | | | +-- core-util-is@1.0.2 
| | | | +-- isarray@1.0.0 
| | | | +-- process-nextick-args@1.0.7 
| | | | `-- util-deprecate@1.0.2 
| | | `-- xtend@4.0.1 
| | `-- vinyl@0.5.3 
| |   `-- clone-stats@0.0.1 
| +-- interpret@1.0.1 
| +-- liftoff@2.3.0 
| | +-- extend@3.0.0 
| | +-- findup-sync@0.4.2 
| | | +-- detect-file@0.1.0 
| | | | `-- fs-exists-sync@0.1.0 
| | | +-- is-glob@2.0.1 
| | | `-- resolve-dir@0.1.1 
| | |   `-- global-modules@0.2.3 
| | |     +-- global-prefix@0.1.4 
| | |     | `-- ini@1.3.4 
| | |     `-- is-windows@0.2.0 
| | +-- fined@1.0.1 
| | | +-- expand-tilde@1.2.2 
| | | +-- lodash.assignwith@4.2.0 
| | | +-- lodash.isarray@4.0.0 
| | | +-- lodash.isempty@4.4.0 
| | | `-- lodash.pick@4.4.0 
| | +-- flagged-respawn@0.3.2 
| | +-- lodash.isplainobject@4.0.6 
| | +-- lodash.isstring@4.0.1 
| | +-- lodash.mapvalues@4.6.0 
| | +-- rechoir@0.6.2 
| | `-- resolve@1.1.7 
| +-- minimist@1.2.0 
| +-- orchestrator@0.3.7 
| | +-- end-of-stream@0.1.5 
| | +-- sequencify@0.0.7 
| | `-- stream-consume@0.1.0 
| +-- pretty-hrtime@1.0.2 
| +-- semver@4.3.6 
| +-- tildify@1.2.0 
| | `-- os-homedir@1.0.1 
| +-- v8flags@2.0.11 
| | `-- user-home@1.1.1 
| `-- vinyl-fs@0.3.14 
|   +-- defaults@1.0.3 
|   +-- glob-stream@3.1.18 
|   | +-- glob@4.5.3 
|   | +-- glob2base@0.0.12 
|   | | `-- find-index@0.1.1 
|   | +-- minimatch@2.0.10 
|   | +-- ordered-read-streams@0.1.0 
|   | +-- through2@0.6.5 
|   | | `-- readable-stream@1.0.34 
|   | `-- unique-stream@1.0.0 
|   +-- glob-watcher@0.0.6 
|   | `-- gaze@0.5.2 
|   |   `-- globule@0.1.0 
|   |     +-- glob@3.1.21 
|   |     | +-- graceful-fs@1.2.3 
|   |     | `-- inherits@1.0.2 
|   |     +-- lodash@1.0.2 
|   |     `-- minimatch@0.2.14 
|   |       `-- sigmund@1.0.1 
|   +-- graceful-fs@3.0.11 
|   | `-- natives@1.1.0 
|   +-- mkdirp@0.5.1 
|   | `-- minimist@0.0.8 
|   +-- strip-bom@1.0.0 
|   | +-- first-chunk-stream@1.0.0 
|   | `-- is-utf8@0.2.1 
|   +-- through2@0.6.5 
|   | `-- readable-stream@1.0.34 
|   |   `-- isarray@0.0.1 
|   `-- vinyl@0.4.6 
|     `-- clone@0.2.0 
+-- jquery@3.1.0 
+-- laravel-elixir@6.0.0-11 
| +-- clean-css@3.4.19 
| | +-- commander@2.8.1 
| | | `-- graceful-readlink@1.0.1 
| | `-- source-map@0.4.4 
| |   `-- amdefine@1.0.0 
| +-- cli-table@0.3.1 
| | `-- colors@1.0.3 
| +-- del@2.2.2 
| | +-- globby@5.0.0 
| | | +-- array-union@1.0.2 
| | | +-- arrify@1.0.1 
| | | +-- glob@7.0.6 
| | | | `-- minimatch@3.0.3 
| | | `-- object-assign@4.1.0 
| | +-- is-path-cwd@1.0.0 
| | +-- is-path-in-cwd@1.0.0 
| | | `-- is-path-inside@1.0.0 
| | |   `-- path-is-inside@1.0.2 
| | +-- object-assign@4.1.0 
| | +-- pify@2.3.0 
| | +-- pinkie-promise@2.0.1 
| | | `-- pinkie@2.0.4 
| | `-- rimraf@2.5.4 
| |   `-- glob@7.0.6 
| |     `-- minimatch@3.0.3 
| +-- glob@7.0.6 
| | +-- fs.realpath@1.0.0 
| | +-- inflight@1.0.5 
| | | `-- wrappy@1.0.2 
| | +-- inherits@2.0.3 
| | +-- minimatch@3.0.3 
| | | `-- brace-expansion@1.1.6 
| | |   +-- balanced-match@0.4.2 
| | |   `-- concat-map@0.0.1 
| | +-- once@1.3.3 
| | `-- path-is-absolute@1.0.0 
| +-- gulp-autoprefixer@3.1.1 
| | +-- autoprefixer@6.4.1 
| | | +-- browserslist@1.3.6 
| | | +-- caniuse-db@1.0.30000529 
| | | +-- normalize-range@0.1.2 
| | | +-- num2fraction@1.2.2 
| | | `-- postcss-value-parser@3.3.0 
| | +-- postcss@5.2.0 
| | | +-- js-base64@2.1.9 
| | | +-- source-map@0.5.6 
| | | `-- supports-color@3.1.2 
| | `-- vinyl-sourcemaps-apply@0.2.1 
| |   `-- source-map@0.5.6 
| +-- gulp-batch@1.0.5 
| | +-- async-done@1.2.2 
| | | +-- end-of-stream@1.1.0 
| | | +-- next-tick@1.0.0 
| | | `-- stream-exhaust@1.0.1 
| | `-- stream-array@1.1.2 
| |   `-- readable-stream@2.1.5 
| |     +-- buffer-shims@1.0.0 
| |     `-- isarray@1.0.0 
| +-- gulp-concat@2.6.0 
| | +-- concat-with-sourcemaps@1.0.4 
| | | `-- source-map@0.5.6 
| | `-- through2@0.6.5 
| |   `-- readable-stream@1.0.34 
| +-- gulp-if@2.0.1 
| | +-- gulp-match@1.0.2 
| | | `-- minimatch@3.0.3 
| | `-- ternary-stream@2.0.0 
| |   +-- duplexify@3.4.5 
| |   | +-- end-of-stream@1.0.0 
| |   | +-- readable-stream@2.1.5 
| |   | | `-- isarray@1.0.0 
| |   | `-- stream-shift@1.0.0 
| |   +-- fork-stream@0.0.4 
| |   `-- merge-stream@1.0.0 
| |     `-- readable-stream@2.1.5 
| |       `-- isarray@1.0.0 
| +-- gulp-less@3.1.0 
| | +-- accord@0.23.0 
| | | +-- fobject@0.0.4 
| | | | `-- semver@5.3.0 
| | | +-- glob@7.0.3 
| | | +-- indx@0.2.3 
| | | +-- lodash@4.11.2 
| | | +-- semver@5.3.0 
| | | +-- uglify-js@2.7.3 
| | | | `-- source-map@0.5.6 
| | | `-- when@3.7.7 
| | +-- less@2.7.1 
| | | +-- errno@0.1.4 
| | | | `-- prr@0.0.0 
| | | +-- image-size@0.5.0 
| | | +-- mime@1.3.4 
| | | +-- promise@7.1.1 
| | | | `-- asap@2.0.4 
| | | `-- source-map@0.5.6 
| | `-- object-assign@4.1.0 
| +-- gulp-load-plugins@1.3.0 
| | +-- array-unique@0.2.1 
| | `-- micromatch@2.3.11 
| |   +-- arr-diff@2.0.0 
| |   | `-- arr-flatten@1.0.1 
| |   +-- braces@1.8.5 
| |   | +-- expand-range@1.8.2 
| |   | | `-- fill-range@2.2.3 
| |   | |   +-- is-number@2.1.0 
| |   | |   +-- randomatic@1.1.5 
| |   | |   `-- repeat-string@1.5.4 
| |   | +-- preserve@0.2.0 
| |   | `-- repeat-element@1.1.2 
| |   +-- expand-brackets@0.1.5 
| |   | `-- is-posix-bracket@0.1.1 
| |   +-- extglob@0.3.2 
| |   +-- filename-regex@2.0.0 
| |   +-- is-extglob@1.0.0 
| |   +-- kind-of@3.0.4 
| |   | `-- is-buffer@1.1.4 
| |   +-- normalize-path@2.0.1 
| |   +-- object.omit@2.0.0 
| |   | +-- for-own@0.1.4 
| |   | | `-- for-in@0.1.5 
| |   | `-- is-extendable@0.1.1 
| |   +-- parse-glob@3.0.4 
| |   | +-- glob-base@0.3.0 
| |   | `-- is-dotfile@1.0.2 
| |   `-- regex-cache@0.4.3 
| |     +-- is-equal-shallow@0.1.3 
| |     `-- is-primitive@2.0.0 
| +-- gulp-notify@2.2.0 
| | +-- node-notifier@4.6.1 
| | | +-- cli-usage@0.1.4 
| | | | +-- marked@0.3.6 
| | | | `-- marked-terminal@1.6.2 
| | | |   +-- cardinal@1.0.0 
| | | |   | +-- ansicolors@0.2.1 
| | | |   | `-- redeyed@1.0.0 
| | | |   `-- node-emoji@1.4.1 
| | | |     `-- string.prototype.codepointat@0.2.0 
| | | +-- growly@1.3.0 
| | | +-- lodash.clonedeep@3.0.2 
| | | | +-- lodash._baseclone@3.3.0 
| | | | | +-- lodash._arraycopy@3.0.0 
| | | | | +-- lodash._arrayeach@3.0.0 
| | | | | +-- lodash._baseassign@3.2.0 
| | | | | `-- lodash._basefor@3.0.3 
| | | | `-- lodash._bindcallback@3.0.1 
| | | +-- semver@5.3.0 
| | | +-- shellwords@0.1.0 
| | | `-- which@1.2.11 
| | |   `-- isexe@1.1.2 
| | +-- node.extend@1.1.6 
| | | `-- is@3.1.0 
| | `-- through2@0.6.5 
| |   `-- readable-stream@1.0.34 
| +-- gulp-rename@1.2.2 
| +-- gulp-rev@7.1.2 
| | +-- modify-filename@1.1.0 
| | +-- object-assign@4.1.0 
| | +-- rev-hash@1.0.0 
| | +-- rev-path@1.0.0 
| | +-- sort-keys@1.1.2 
| | | `-- is-plain-obj@1.1.0 
| | `-- vinyl-file@1.3.0 
| |   +-- strip-bom-stream@1.0.0 
| |   `-- vinyl@1.2.0 
| +-- gulp-rev-replace@0.4.3 
| +-- gulp-sass@2.3.2 
| | +-- lodash.clonedeep@4.5.0 
| | `-- node-sass@3.10.0 
| |   +-- async-foreach@0.1.3 
| |   +-- cross-spawn@3.0.1 
| |   | `-- lru-cache@4.0.1 
| |   |   +-- pseudomap@1.0.2 
| |   |   `-- yallist@2.0.0 
| |   +-- gaze@1.1.1 
| |   | `-- globule@1.0.0 
| |   |   `-- lodash@4.9.0 
| |   +-- glob@7.0.6 
| |   | `-- minimatch@3.0.3 
| |   +-- in-publish@2.0.0 
| |   +-- lodash.assign@4.2.0 
| |   +-- lodash.clonedeep@4.5.0 
| |   +-- nan@2.4.0 
| |   +-- node-gyp@3.4.0 
| |   | +-- fstream@1.0.10 
| |   | +-- glob@7.0.6 
| |   | +-- minimatch@3.0.3 
| |   | +-- nopt@3.0.6 
| |   | | `-- abbrev@1.0.9 
| |   | +-- npmlog@3.1.2 
| |   | +-- osenv@0.1.3 
| |   | +-- path-array@1.0.1 
| |   | | `-- array-index@1.0.0 
| |   | |   `-- es6-symbol@3.1.0 
| |   | |     +-- d@0.1.1 
| |   | |     `-- es5-ext@0.10.12 
| |   | |       `-- es6-iterator@2.0.0 
| |   | `-- tar@2.2.1 
| |   |   `-- block-stream@0.0.9 
| |   +-- npmlog@4.0.0 
| |   | +-- are-we-there-yet@1.1.2 
| |   | | `-- delegates@1.0.0 
| |   | +-- console-control-strings@1.1.0 
| |   | `-- gauge@2.6.0 
| |   |   +-- aproba@1.0.4 
| |   |   +-- has-color@0.1.7 
| |   |   +-- has-unicode@2.0.1 
| |   |   +-- object-assign@4.1.0 
| |   |   `-- wide-align@1.1.0 
| |   +-- request@2.74.0 
| |   | +-- aws-sign2@0.6.0 
| |   | +-- aws4@1.4.1 
| |   | +-- bl@1.1.2 
| |   | | `-- readable-stream@2.0.6 
| |   | |   `-- isarray@1.0.0 
| |   | +-- caseless@0.11.0 
| |   | +-- combined-stream@1.0.5 
| |   | | `-- delayed-stream@1.0.0 
| |   | +-- forever-agent@0.6.1 
| |   | +-- form-data@1.0.1 
| |   | | `-- async@2.0.1 
| |   | +-- har-validator@2.0.6 
| |   | | +-- commander@2.9.0 
| |   | | `-- is-my-json-valid@2.13.1 
| |   | |   +-- generate-function@2.0.0 
| |   | |   +-- generate-object-property@1.2.0 
| |   | |   | `-- is-property@1.0.2 
| |   | |   `-- jsonpointer@2.0.0 
| |   | +-- hawk@3.1.3 
| |   | | +-- boom@2.10.1 
| |   | | +-- cryptiles@2.0.5 
| |   | | +-- hoek@2.16.3 
| |   | | `-- sntp@1.0.9 
| |   | +-- http-signature@1.1.1 
| |   | | +-- assert-plus@0.2.0 
| |   | | +-- jsprim@1.3.1 
| |   | | | +-- extsprintf@1.0.2 
| |   | | | +-- json-schema@0.2.3 
| |   | | | `-- verror@1.3.6 
| |   | | `-- sshpk@1.10.0 
| |   | |   +-- asn1@0.2.3 
| |   | |   +-- assert-plus@1.0.0 
| |   | |   +-- bcrypt-pbkdf@1.0.0 
| |   | |   | `-- tweetnacl@0.14.3 
| |   | |   +-- dashdash@1.14.0 
| |   | |   | `-- assert-plus@1.0.0 
| |   | |   +-- ecc-jsbn@0.1.1 
| |   | |   +-- getpass@0.1.6 
| |   | |   | `-- assert-plus@1.0.0 
| |   | |   +-- jodid25519@1.0.2 
| |   | |   +-- jsbn@0.1.0 
| |   | |   `-- tweetnacl@0.13.3 
| |   | +-- is-typedarray@1.0.0 
| |   | +-- isstream@0.1.2 
| |   | +-- json-stringify-safe@5.0.1 
| |   | +-- mime-types@2.1.11 
| |   | | `-- mime-db@1.23.0 
| |   | +-- node-uuid@1.4.7 
| |   | +-- oauth-sign@0.8.2 
| |   | +-- qs@6.2.1 
| |   | +-- stringstream@0.0.5 
| |   | +-- tough-cookie@2.3.1 
| |   | `-- tunnel-agent@0.4.3 
| |   `-- sass-graph@2.1.2 
| |     +-- glob@7.0.6 
| |     | `-- minimatch@3.0.3 
| |     `-- yargs@4.8.1 
| |       +-- cliui@3.2.0 
| |       `-- window-size@0.2.0 
| +-- gulp-shell@0.5.2 
| | `-- async@1.5.2 
| +-- gulp-sourcemaps@1.6.0 
| | +-- convert-source-map@1.3.0 
| | +-- graceful-fs@4.1.6 
| | +-- strip-bom@2.0.0 
| | `-- vinyl@1.2.0 
| +-- gulp-uglify@1.5.4 
| | +-- deap@1.0.0 
| | +-- isobject@2.1.0 
| | | `-- isarray@1.0.0 
| | +-- uglify-js@2.6.4 
| | | +-- async@0.2.10 
| | | +-- source-map@0.5.6 
| | | +-- uglify-to-browserify@1.0.2 
| | | `-- yargs@3.10.0 
| | |   +-- camelcase@1.2.1 
| | |   +-- cliui@2.1.0 
| | |   | +-- center-align@0.1.3 
| | |   | | +-- align-text@0.1.4 
| | |   | | | `-- longest@1.0.1 
| | |   | | `-- lazy-cache@1.0.4 
| | |   | `-- right-align@0.1.3 
| | |   `-- window-size@0.1.0 
| | `-- uglify-save-license@0.4.1 
| +-- parse-filepath@1.0.1 
| | +-- is-absolute@0.2.5 
| | | +-- is-relative@0.2.1 
| | | | `-- is-unc-path@0.1.1 
| | | |   `-- unc-path-regex@0.1.2 
| | | `-- is-windows@0.1.1 
| | +-- map-cache@0.2.2 
| | `-- path-root@0.1.1 
| |   `-- path-root-regex@0.1.2 
| +-- path@0.12.7 
| | +-- process@0.11.9 
| | `-- util@0.10.3 
| |   `-- inherits@2.0.1 
| +-- q@1.4.1 
| +-- require-dir@0.3.0 
| +-- run-sequence@1.2.2 
| +-- underscore@1.8.3 
| `-- vinyl-map@1.0.1 
|   +-- bl@0.7.0 
|   | `-- readable-stream@1.0.34 
|   +-- new-from@0.0.3 
|   | `-- readable-stream@1.1.14 
|   `-- through2@0.4.2 
|     `-- xtend@2.1.2 
|       `-- object-keys@0.4.0 
+-- laravel-elixir-vue@0.1.7 
| +-- babel-core@6.14.0 
| | +-- babel-code-frame@6.11.0 
| | | +-- esutils@2.0.2 
| | | `-- js-tokens@2.0.0 
| | +-- babel-generator@6.14.0 
| | | +-- detect-indent@3.0.1 
| | | | `-- repeating@1.1.3 
| | | |   `-- is-finite@1.0.1 
| | | `-- source-map@0.5.6 
| | +-- babel-helpers@6.8.0 
| | +-- babel-messages@6.8.0 
| | +-- babel-register@6.14.0 
| | | +-- home-or-tmp@1.0.0 
| | | | `-- os-tmpdir@1.0.1 
| | | +-- path-exists@1.0.0 
| | | `-- source-map-support@0.2.10 
| | |   `-- source-map@0.1.32 
| | +-- babel-template@6.15.0 
| | +-- babel-traverse@6.15.0 
| | | +-- globals@8.18.0 
| | | `-- invariant@2.2.1 
| | |   `-- loose-envify@1.2.0 
| | |     `-- js-tokens@1.0.3 
| | +-- babel-types@6.15.0 
| | | `-- to-fast-properties@1.0.2 
| | +-- babylon@6.9.2 
| | +-- debug@2.2.0 
| | | `-- ms@0.7.1 
| | +-- json5@0.4.0 
| | +-- minimatch@3.0.3 
| | +-- path-exists@1.0.0 
| | +-- private@0.1.6 
| | +-- shebang-regex@1.0.0 
| | +-- slash@1.0.0 
| | `-- source-map@0.5.6 
| +-- babel-loader@6.2.5 
| | +-- loader-utils@0.2.15 
| | | +-- big.js@3.1.3 
| | | +-- emojis-list@2.0.1 
| | | +-- json5@0.5.0 
| | | `-- object-assign@4.1.0 
| | `-- object-assign@4.1.0 
| +-- babel-plugin-add-module-exports@0.2.1 
| +-- babel-plugin-transform-runtime@6.15.0 
| +-- babel-preset-es2015@6.14.0 
| | +-- babel-plugin-check-es2015-constants@6.8.0 
| | +-- babel-plugin-transform-es2015-arrow-functions@6.8.0 
| | +-- babel-plugin-transform-es2015-block-scoped-functions@6.8.0 
| | +-- babel-plugin-transform-es2015-block-scoping@6.15.0 
| | +-- babel-plugin-transform-es2015-classes@6.14.0 
| | | +-- babel-helper-define-map@6.9.0 
| | | +-- babel-helper-function-name@6.8.0 
| | | +-- babel-helper-optimise-call-expression@6.8.0 
| | | `-- babel-helper-replace-supers@6.14.0 
| | +-- babel-plugin-transform-es2015-computed-properties@6.8.0 
| | +-- babel-plugin-transform-es2015-destructuring@6.9.0 
| | +-- babel-plugin-transform-es2015-duplicate-keys@6.8.0 
| | +-- babel-plugin-transform-es2015-for-of@6.8.0 
| | +-- babel-plugin-transform-es2015-function-name@6.9.0 
| | +-- babel-plugin-transform-es2015-literals@6.8.0 
| | +-- babel-plugin-transform-es2015-modules-amd@6.8.0 
| | +-- babel-plugin-transform-es2015-modules-commonjs@6.14.0 
| | | `-- babel-plugin-transform-strict-mode@6.11.3 
| | +-- babel-plugin-transform-es2015-modules-systemjs@6.14.0 
| | | `-- babel-helper-hoist-variables@6.8.0 
| | +-- babel-plugin-transform-es2015-modules-umd@6.12.0 
| | +-- babel-plugin-transform-es2015-object-super@6.8.0 
| | +-- babel-plugin-transform-es2015-parameters@6.11.4 
| | | +-- babel-helper-call-delegate@6.8.0 
| | | `-- babel-helper-get-function-arity@6.8.0 
| | +-- babel-plugin-transform-es2015-shorthand-properties@6.8.0 
| | +-- babel-plugin-transform-es2015-spread@6.8.0 
| | +-- babel-plugin-transform-es2015-sticky-regex@6.8.0 
| | | `-- babel-helper-regex@6.9.0 
| | +-- babel-plugin-transform-es2015-template-literals@6.8.0 
| | +-- babel-plugin-transform-es2015-typeof-symbol@6.8.0 
| | +-- babel-plugin-transform-es2015-unicode-regex@6.11.0 
| | | `-- regexpu-core@2.0.0 
| | |   +-- regenerate@1.3.1 
| | |   +-- regjsgen@0.2.0 
| | |   `-- regjsparser@0.1.5 
| | |     `-- jsesc@0.5.0 
| | `-- babel-plugin-transform-regenerator@6.14.0 
| |   `-- babel-plugin-syntax-async-functions@6.13.0 
| +-- babel-runtime@6.11.6 
| | +-- core-js@2.4.1 
| | `-- regenerator-runtime@0.9.5 
| +-- css-loader@0.23.1 
| | +-- css-selector-tokenizer@0.5.4 
| | | `-- cssesc@0.1.0 
| | +-- cssnano@3.7.4 
| | | +-- decamelize@1.2.0 
| | | +-- defined@1.0.0 
| | | +-- has@1.0.1 
| | | | `-- function-bind@1.1.0 
| | | +-- object-assign@4.1.0 
| | | +-- postcss-calc@5.3.1 
| | | | +-- postcss-message-helpers@2.0.0 
| | | | `-- reduce-css-calc@1.3.0 
| | | |   +-- math-expression-evaluator@1.2.14 
| | | |   | `-- lodash.indexof@4.0.5 
| | | |   `-- reduce-function-call@1.0.1 
| | | |     `-- balanced-match@0.1.0 
| | | +-- postcss-colormin@2.2.0 
| | | | `-- colormin@1.1.2 
| | | |   +-- color@0.11.3 
| | | |   | +-- color-convert@1.5.0 
| | | |   | `-- color-string@0.3.0 
| | | |   |   `-- color-name@1.1.1 
| | | |   `-- css-color-names@0.0.4 
| | | +-- postcss-convert-values@2.4.0 
| | | +-- postcss-discard-comments@2.0.4 
| | | +-- postcss-discard-duplicates@2.0.1 
| | | +-- postcss-discard-empty@2.1.0 
| | | +-- postcss-discard-overridden@0.1.1 
| | | +-- postcss-discard-unused@2.2.1 
| | | | `-- uniqs@2.0.0 
| | | +-- postcss-filter-plugins@2.0.1 
| | | | `-- uniqid@3.1.0 
| | | |   `-- macaddress@0.2.8 
| | | +-- postcss-merge-idents@2.1.7 
| | | +-- postcss-merge-longhand@2.0.1 
| | | +-- postcss-merge-rules@2.0.10 
| | | | `-- vendors@1.0.1 
| | | +-- postcss-minify-font-values@1.0.5 
| | | | `-- object-assign@4.1.0 
| | | +-- postcss-minify-gradients@1.0.3 
| | | +-- postcss-minify-params@1.0.5 
| | | | `-- alphanum-sort@1.0.2 
| | | +-- postcss-minify-selectors@2.0.5 
| | | | `-- postcss-selector-parser@2.2.1 
| | | +-- postcss-normalize-charset@1.1.0 
| | | +-- postcss-normalize-url@3.0.7 
| | | | +-- is-absolute-url@2.0.0 
| | | | `-- normalize-url@1.6.1 
| | | |   +-- object-assign@4.1.0 
| | | |   +-- prepend-http@1.0.4 
| | | |   `-- query-string@4.2.3 
| | | |     +-- object-assign@4.1.0 
| | | |     `-- strict-uri-encode@1.1.0 
| | | +-- postcss-ordered-values@2.2.2 
| | | +-- postcss-reduce-idents@2.3.0 
| | | +-- postcss-reduce-initial@1.0.0 
| | | +-- postcss-reduce-transforms@1.0.3 
| | | +-- postcss-svgo@2.1.4 
| | | | +-- is-svg@2.0.1 
| | | | | `-- html-comment-regex@1.1.1 
| | | | `-- svgo@0.6.6 
| | | |   +-- coa@1.0.1 
| | | |   +-- colors@1.1.2 
| | | |   +-- csso@2.0.0 
| | | |   | +-- clap@1.1.1 
| | | |   | `-- source-map@0.5.6 
| | | |   +-- js-yaml@3.6.1 
| | | |   | +-- argparse@1.0.7 
| | | |   | | `-- sprintf-js@1.0.3 
| | | |   | `-- esprima@2.7.3 
| | | |   +-- sax@1.2.1 
| | | |   `-- whet.extend@0.9.9 
| | | +-- postcss-unique-selectors@2.0.2 
| | | `-- postcss-zindex@2.1.1 
| | +-- lodash.camelcase@3.0.1 
| | | `-- lodash._createcompounder@3.0.0 
| | |   +-- lodash.deburr@3.2.0 
| | |   `-- lodash.words@3.2.0 
| | +-- object-assign@4.1.0 
| | +-- postcss-modules-extract-imports@1.0.1 
| | +-- postcss-modules-local-by-default@1.1.1 
| | | `-- css-selector-tokenizer@0.6.0 
| | |   `-- regexpu-core@1.0.0 
| | +-- postcss-modules-scope@1.0.2 
| | | `-- css-selector-tokenizer@0.6.0 
| | |   `-- regexpu-core@1.0.0 
| | +-- postcss-modules-values@1.2.2 
| | | `-- icss-replace-symbols@1.0.2 
| | `-- source-list-map@0.1.6 
| +-- vue-hot-reload-api@1.3.3 
| +-- vue-html-loader@1.2.3 
| | +-- es6-templates@0.2.3 
| | | `-- recast@0.11.14 
| | |   +-- ast-types@0.9.0 
| | |   +-- esprima@3.0.0 
| | |   `-- source-map@0.5.6 
| | +-- fastparse@1.1.1 
| | +-- html-minifier@2.1.7 
| | | +-- change-case@3.0.0 
| | | | +-- camel-case@3.0.0 
| | | | +-- constant-case@2.0.0 
| | | | +-- dot-case@2.1.0 
| | | | +-- header-case@1.0.0 
| | | | +-- is-lower-case@1.1.3 
| | | | +-- is-upper-case@1.1.2 
| | | | +-- lower-case@1.1.3 
| | | | +-- lower-case-first@1.0.2 
| | | | +-- no-case@2.3.0 
| | | | +-- param-case@2.1.0 
| | | | +-- pascal-case@2.0.0 
| | | | +-- path-case@2.1.0 
| | | | +-- sentence-case@2.1.0 
| | | | +-- snake-case@2.1.0 
| | | | +-- swap-case@1.1.2 
| | | | +-- title-case@2.1.0 
| | | | +-- upper-case@1.1.3 
| | | | `-- upper-case-first@1.1.2 
| | | +-- commander@2.9.0 
| | | +-- he@1.1.0 
| | | +-- ncname@1.0.0 
| | | | `-- xml-char-classes@1.0.0 
| | | +-- relateurl@0.2.7 
| | | `-- uglify-js@2.6.4 
| | |   `-- source-map@0.5.6 
| | `-- object-assign@4.1.0 
| +-- vue-loader@8.5.2 
| | +-- consolidate@0.14.1 
| | | `-- bluebird@3.4.6 
| | +-- de-indent@1.0.2 
| | +-- hash-sum@1.0.2 
| | +-- lru-cache@2.7.3 
| | +-- object-assign@4.1.0 
| | +-- parse5@2.2.1 
| | +-- postcss-selector-parser@1.3.3 
| | | +-- flatten@1.0.2 
| | | +-- indexes-of@1.0.1 
| | | `-- uniq@1.0.1 
| | +-- source-map@0.5.6 
| | `-- vue-template-validator@1.1.5 
| `-- vue-style-loader@1.0.0 
+-- laravel-elixir-webpack-official@1.0.5 
| +-- buble@0.12.5 
| | +-- acorn@3.3.0 
| | +-- acorn-jsx@3.0.1 
| | | `-- acorn@3.3.0 
| | +-- acorn-object-spread@1.0.0 
| | | `-- acorn@3.3.0 
| | `-- magic-string@0.14.0 
| |   `-- vlq@0.2.1 
| +-- buble-loader@0.2.2 
| +-- webpack@2.1.0-beta.22 
| | +-- acorn@3.3.0 
| | +-- async@1.5.2 
| | +-- clone@1.0.2 
| | +-- enhanced-resolve@2.3.0 
| | | `-- object-assign@4.1.0 
| | +-- loader-runner@2.1.1 
| | +-- memory-fs@0.3.0 
| | | `-- readable-stream@2.1.5 
| | |   `-- isarray@1.0.0 
| | +-- node-libs-browser@1.0.0 
| | | +-- assert@1.4.1 
| | | +-- browserify-zlib@0.1.4 
| | | | `-- pako@0.2.9 
| | | +-- buffer@4.9.1 
| | | | +-- base64-js@1.1.2 
| | | | +-- ieee754@1.1.6 
| | | | `-- isarray@1.0.0 
| | | +-- console-browserify@1.1.0 
| | | | `-- date-now@0.1.4 
| | | +-- constants-browserify@1.0.0 
| | | +-- crypto-browserify@3.11.0 
| | | | +-- browserify-cipher@1.0.0 
| | | | | +-- browserify-aes@1.0.6 
| | | | | | `-- buffer-xor@1.0.3 
| | | | | +-- browserify-des@1.0.0 
| | | | | | `-- des.js@1.0.0 
| | | | | |   `-- minimalistic-assert@1.0.0 
| | | | | `-- evp_bytestokey@1.0.0 
| | | | +-- browserify-sign@4.0.0 
| | | | | +-- bn.js@4.11.6 
| | | | | +-- browserify-rsa@4.0.1 
| | | | | +-- elliptic@6.3.1 
| | | | | | +-- brorand@1.0.6 
| | | | | | `-- hash.js@1.0.3 
| | | | | `-- parse-asn1@5.0.0 
| | | | |   `-- asn1.js@4.8.0 
| | | | +-- create-ecdh@4.0.0 
| | | | +-- create-hash@1.1.2 
| | | | | +-- cipher-base@1.0.3 
| | | | | +-- ripemd160@1.0.1 
| | | | | `-- sha.js@2.4.5 
| | | | +-- create-hmac@1.1.4 
| | | | +-- diffie-hellman@5.0.2 
| | | | | `-- miller-rabin@4.0.0 
| | | | +-- pbkdf2@3.0.6 
| | | | +-- public-encrypt@4.0.0 
| | | | `-- randombytes@2.0.3 
| | | +-- domain-browser@1.1.7 
| | | +-- events@1.1.1 
| | | +-- http-browserify@1.7.0 
| | | | `-- Base64@0.2.1 
| | | +-- https-browserify@0.0.1 
| | | +-- os-browserify@0.2.1 
| | | +-- path-browserify@0.0.0 
| | | +-- punycode@1.4.1 
| | | +-- querystring-es3@0.2.1 
| | | +-- readable-stream@2.1.5 
| | | | `-- isarray@1.0.0 
| | | +-- stream-browserify@2.0.1 
| | | | `-- readable-stream@2.1.5 
| | | |   `-- isarray@1.0.0 
| | | +-- string_decoder@0.10.31 
| | | +-- timers-browserify@1.4.2 
| | | +-- tty-browserify@0.0.0 
| | | +-- url@0.11.0 
| | | | +-- punycode@1.3.2 
| | | | `-- querystring@0.2.0 
| | | `-- vm-browserify@0.0.4 
| | |   `-- indexof@0.0.1 
| | +-- object-assign@4.1.0 
| | +-- source-map@0.5.6 
| | +-- supports-color@3.1.2 
| | | `-- has-flag@1.0.0 
| | +-- tapable@0.2.4 
| | +-- uglify-js@2.6.4 
| | | +-- async@0.2.10 
| | | `-- yargs@3.10.0 
| | |   `-- camelcase@1.2.1 
| | +-- watchpack@1.1.0 
| | | +-- async@2.0.0-rc.4 
| | | `-- chokidar@1.6.0 
| | |   +-- anymatch@1.3.0 
| | |   +-- async-each@1.0.1 
| | |   +-- glob-parent@2.0.0 
| | |   +-- is-binary-path@1.0.1 
| | |   | `-- binary-extensions@1.6.0 
| | |   `-- readdirp@2.1.0 
| | |     +-- minimatch@3.0.3 
| | |     +-- readable-stream@2.1.5 
| | |     | `-- isarray@1.0.0 
| | |     `-- set-immediate-shim@1.0.1 
| | +-- webpack-sources@0.1.2 
| | | `-- source-map@0.5.6 
| | `-- yargs@4.8.1 
| |   +-- cliui@3.2.0 
| |   | `-- wrap-ansi@2.0.0 
| |   +-- get-caller-file@1.0.2 
| |   +-- os-locale@1.4.0 
| |   | `-- lcid@1.0.0 
| |   |   `-- invert-kv@1.0.0 
| |   +-- read-pkg-up@1.0.1 
| |   | +-- find-up@1.1.2 
| |   | | `-- path-exists@2.1.0 
| |   | `-- read-pkg@1.1.0 
| |   |   +-- load-json-file@1.1.0 
| |   |   | `-- parse-json@2.2.0 
| |   |   |   `-- error-ex@1.3.0 
| |   |   |     `-- is-arrayish@0.2.1 
| |   |   `-- path-type@1.1.0 
| |   +-- require-directory@2.1.1 
| |   +-- require-main-filename@1.0.1 
| |   +-- set-blocking@2.0.0 
| |   +-- string-width@1.0.2 
| |   | +-- code-point-at@1.0.0 
| |   | | `-- number-is-nan@1.0.0 
| |   | `-- is-fullwidth-code-point@1.0.0 
| |   +-- which-module@1.0.0 
| |   +-- window-size@0.2.0 
| |   +-- y18n@3.2.1 
| |   `-- yargs-parser@2.4.1 
| |     `-- camelcase@3.0.0 
| `-- webpack-stream@3.2.0 
|   +-- lodash.clone@4.5.0 
|   +-- lodash.some@4.6.0 
|   +-- through@2.3.8 
|   +-- vinyl@1.2.0 
|   `-- webpack@1.13.2 
|     +-- acorn@3.3.0 
|     +-- async@1.5.2 
|     +-- enhanced-resolve@0.9.1 
|     | `-- memory-fs@0.2.0 
|     +-- interpret@0.6.6 
|     +-- node-libs-browser@0.6.0 
|     | +-- constants-browserify@0.0.1 
|     | +-- crypto-browserify@3.2.8 
|     | | +-- pbkdf2-compat@2.0.1 
|     | | +-- ripemd160@0.2.0 
|     | | `-- sha.js@2.2.6 
|     | +-- https-browserify@0.0.0 
|     | +-- os-browserify@0.1.2 
|     | +-- stream-browserify@1.0.0 
|     | `-- url@0.10.3 
|     |   `-- punycode@1.3.2 
|     +-- optimist@0.6.1 
|     | +-- minimist@0.0.10 
|     | `-- wordwrap@0.0.2 
|     +-- supports-color@3.1.2 
|     +-- tapable@0.1.10 
|     +-- uglify-js@2.6.4 
|     | +-- async@0.2.10 
|     | `-- source-map@0.5.6 
|     +-- watchpack@0.2.9 
|     | `-- async@0.9.2 
|     `-- webpack-core@0.6.8 
+-- lodash@4.15.0 
+-- vue@1.0.26 
| `-- envify@3.4.1 
|   `-- jstransform@11.0.3 
|     +-- base62@1.1.1 
|     +-- commoner@0.10.4 
|     | +-- detective@4.3.1 
|     | | `-- acorn@1.2.2 
|     | +-- glob@5.0.15 
|     | +-- iconv-lite@0.4.13 
|     | `-- recast@0.10.43 
|     |   +-- ast-types@0.8.15 
|     |   +-- esprima-fb@15001.1001.0-dev-harmony-fb 
|     |   `-- source-map@0.5.6 
|     +-- esprima-fb@15001.1.0-dev-harmony-fb 
|     `-- object-assign@2.1.1 
`-- vue-resource@0.9.3 

npm WARN optional Skipping failed optional dependency /chokidar/fsevents:
npm WARN notsup Not compatible with your operating system or architecture: fsevents@1.0.14
/usr/local/bin/bower
$ mv /home/tungnt/deploy/laravel53-demo/staging/releases/20160914125758/storage /home/tungnt/deploy/laravel53-demo/staging/shared/storage
mv /home/tungnt/deploy/laravel53-demo/staging/releases/20160914125758/storage /home/tungnt/deploy/laravel53-demo/staging/shared/storage

$ ln -s /home/tungnt/deploy/laravel53-demo/staging/shared/storage /home/tungnt/deploy/laravel53-demo/staging/releases/20160914125758/storage-temp
$ mv -Tf /home/tungnt/deploy/laravel53-demo/staging/releases/20160914125758/storage-temp /home/tungnt/deploy/laravel53-demo/staging/releases/20160914125758/storage
ln -s /home/tungnt/deploy/laravel53-demo/staging/shared/storage /home/tungnt/deploy/laravel53-demo/staging/releases/20160914125758/storage-temp
mv -Tf /home/tungnt/deploy/laravel53-demo/staging/releases/20160914125758/storage-temp /home/tungnt/deploy/laravel53-demo/staging/releases/20160914125758/storage

$ mkdir -p /home/tungnt/deploy/laravel53-demo/staging/shared/bootstrap
mkdir -p /home/tungnt/deploy/laravel53-demo/staging/shared/bootstrap

$ mv /home/tungnt/deploy/laravel53-demo/staging/releases/20160914125758/bootstrap/cache /home/tungnt/deploy/laravel53-demo/staging/shared/bootstrap/cache
mv /home/tungnt/deploy/laravel53-demo/staging/releases/20160914125758/bootstrap/cache /home/tungnt/deploy/laravel53-demo/staging/shared/bootstrap/cache

$ ln -s /home/tungnt/deploy/laravel53-demo/staging/shared/bootstrap/cache /home/tungnt/deploy/laravel53-demo/staging/releases/20160914125758/bootstrap/cache-temp
$ mv -Tf /home/tungnt/deploy/laravel53-demo/staging/releases/20160914125758/bootstrap/cache-temp /home/tungnt/deploy/laravel53-demo/staging/releases/20160914125758/bootstrap/cache
ln -s /home/tungnt/deploy/laravel53-demo/staging/shared/bootstrap/cache /home/tungnt/deploy/laravel53-demo/staging/releases/20160914125758/bootstrap/cache-temp
mv -Tf /home/tungnt/deploy/laravel53-demo/staging/releases/20160914125758/bootstrap/cache-temp /home/tungnt/deploy/laravel53-demo/staging/releases/20160914125758/bootstrap/cache

$ mv /home/tungnt/deploy/laravel53-demo/staging/releases/20160914125758/public /home/tungnt/deploy/laravel53-demo/staging/shared/public
mv /home/tungnt/deploy/laravel53-demo/staging/releases/20160914125758/public /home/tungnt/deploy/laravel53-demo/staging/shared/public

$ ln -s /home/tungnt/deploy/laravel53-demo/staging/shared/public /home/tungnt/deploy/laravel53-demo/staging/releases/20160914125758/public-temp
$ mv -Tf /home/tungnt/deploy/laravel53-demo/staging/releases/20160914125758/public-temp /home/tungnt/deploy/laravel53-demo/staging/releases/20160914125758/public
ln -s /home/tungnt/deploy/laravel53-demo/staging/shared/public /home/tungnt/deploy/laravel53-demo/staging/releases/20160914125758/public-temp
mv -Tf /home/tungnt/deploy/laravel53-demo/staging/releases/20160914125758/public-temp /home/tungnt/deploy/laravel53-demo/staging/releases/20160914125758/public

$ mv /home/tungnt/deploy/laravel53-demo/staging/releases/20160914125758/vendor /home/tungnt/deploy/laravel53-demo/staging/shared/vendor
mv /home/tungnt/deploy/laravel53-demo/staging/releases/20160914125758/vendor /home/tungnt/deploy/laravel53-demo/staging/shared/vendor

$ ln -s /home/tungnt/deploy/laravel53-demo/staging/shared/vendor /home/tungnt/deploy/laravel53-demo/staging/releases/20160914125758/vendor-temp
$ mv -Tf /home/tungnt/deploy/laravel53-demo/staging/releases/20160914125758/vendor-temp /home/tungnt/deploy/laravel53-demo/staging/releases/20160914125758/vendor
ln -s /home/tungnt/deploy/laravel53-demo/staging/shared/vendor /home/tungnt/deploy/laravel53-demo/staging/releases/20160914125758/vendor-temp
mv -Tf /home/tungnt/deploy/laravel53-demo/staging/releases/20160914125758/vendor-temp /home/tungnt/deploy/laravel53-demo/staging/releases/20160914125758/vendor

$ cd /home/tungnt/deploy/laravel53-demo/staging/releases/20160914125758
$ gulp
cd /home/tungnt/deploy/laravel53-demo/staging/releases/20160914125758
gulp
[13:02:03] Using gulpfile ~/deploy/laravel53-demo/staging/releases/20160914125758/gulpfile.js
[13:02:03] Starting 'all'...
[13:02:03] Starting 'sass'...
[13:02:05] Finished 'sass' after 1.49 s
[13:02:05] Starting 'webpack'...
[13:02:10] 
[13:02:10] Finished 'webpack' after 5.02 s
[13:02:10] Finished 'all' after 6.52 s
[13:02:10] Starting 'default'...
┌───────────────┬───────────────────────────────┬────────────────────────────────┬────────────────────┐
│ Task          │ Summary                       │ Source Files                   │ Destination        │
├───────────────┼───────────────────────────────┼────────────────────────────────┼────────────────────┤
│ mix.sass()    │ 1. Compiling Sass             │ resources/assets/sass/app.scss │ public/css/app.css │
│               │ 2. Autoprefixing CSS          │                                │                    │
│               │ 3. Concatenating Files        │                                │                    │
│               │ 4. Writing Source Maps        │                                │                    │
│               │ 5. Saving to Destination      │                                │                    │
├───────────────┼───────────────────────────────┼────────────────────────────────┼────────────────────┤
│ mix.webpack() │ 1. Transforming ES2015 to ES5 │ resources/assets/js/app.js     │ public/js/app.js   │
│               │ 2. Writing Source Maps        │                                │                    │
│               │ 3. Saving to Destination      │                                │                    │
└───────────────┴───────────────────────────────┴────────────────────────────────┴────────────────────┘
[13:02:10] Finished 'default' after 9.58 ms
$ cd /home/tungnt/deploy/laravel53-demo/staging/releases/20160914125758
$ php artisan migrate --force --env="staging"
cd /home/tungnt/deploy/laravel53-demo/staging/releases/20160914125758
php artisan migrate --force --env="staging"
PHP Warning:  include(/home/tungnt/deploy/laravel53-demo/staging/shared/vendor/composer/../../app/Console/Kernel.php): failed to open stream: No such file or directory in /home/tungnt/deploy/laravel53-demo/staging/shared/vendor/composer/ClassLoader.php on line 414
PHP Warning:  include(): Failed opening '/home/tungnt/deploy/laravel53-demo/staging/shared/vendor/composer/../../app/Console/Kernel.php' for inclusion (include_path='.:/usr/share/php') in /home/tungnt/deploy/laravel53-demo/staging/shared/vendor/composer/ClassLoader.php on line 414
PHP Fatal error:  Uncaught ReflectionException: Class App\Console\Kernel does not exist in /home/tungnt/deploy/laravel53-demo/staging/shared/bootstrap/cache/compiled.php:1367
Stack trace:
#0 /home/tungnt/deploy/laravel53-demo/staging/shared/bootstrap/cache/compiled.php(1367): ReflectionClass->__construct('App\\Console\\Ker...')
#1 /home/tungnt/deploy/laravel53-demo/staging/shared/bootstrap/cache/compiled.php(1321): Illuminate\Container\Container->build('App\\Console\\Ker...', Array)
#2 /home/tungnt/deploy/laravel53-demo/staging/shared/bootstrap/cache/compiled.php(1896): Illuminate\Container\Container->make('App\\Console\\Ker...', Array)
#3 /home/tungnt/deploy/laravel53-demo/staging/shared/bootstrap/cache/compiled.php(1149): Illuminate\Foundation\Application->make('App\\Console\\Ker...', Array)
#4 /home/tungnt/deploy/laravel53-demo/staging/shared/bootstrap/cache/compiled.php(1365): Illuminate\Container\Container->Illuminate\Container\{closure}(Object(Illuminate\Foundation\Application), Array)
#5 /home/tungnt/deploy/laravel53-de in /home/tungnt/deploy/laravel53-demo/staging/shared/bootstrap/cache/compiled.php on line 1367
$ rm -rf /home/tungnt/deploy/laravel53-demo/staging/current
rm -rf /home/tungnt/deploy/laravel53-demo/staging/current

$ ln -s /home/tungnt/deploy/laravel53-demo/staging/releases/20160914125758 /home/tungnt/deploy/laravel53-demo/staging/current-temp
$ mv -Tf /home/tungnt/deploy/laravel53-demo/staging/current-temp /home/tungnt/deploy/laravel53-demo/staging/current
ln -s /home/tungnt/deploy/laravel53-demo/staging/releases/20160914125758 /home/tungnt/deploy/laravel53-demo/staging/current-temp
mv -Tf /home/tungnt/deploy/laravel53-demo/staging/current-temp /home/tungnt/deploy/laravel53-demo/staging/current

|=> Successfully deployed release 20160914125758
|=> No releases to prune from the server